Γû▓ Next.js 16.2.0 (Turbopack)

  Creating an optimized production build ...
Γ£ô Compiled successfully in 6.3s
  Running TypeScript ...
node.exe : Failed to type check.
At line:1 char:1
+ & "C:\Program Files\nodejs/node.exe" 
"C:\Program Files\nodejs/node_mo ...
+ ~~~~~~~~~~~~~~~~~~~~~~~~~~~~~~~~~~~~~~~
~~~~~~~~~~~~~~~~~~~~~~~~~~~~~~
    + CategoryInfo          : NotSpecifi 
   ed: (Failed to type check.:String) [  
  ], RemoteException
    + FullyQualifiedErrorId : NativeComm 
   andError
 

./components/ui/toaster.tsx:3:26
Type error: Cannot find module 
'@/hooks/use-toast' or its corresponding 
type declarations.

  [90m1 |[0m [32m'use client'[0m
  [90m2 |[0m
[31m[1m>[0m [90m3 |[0m 
[36mimport[0m { useToast } 
[36mfrom[0m 
[32m'@/hooks/use-toast'[0m
  [90m  |[0m                          
[31m[1m^[0m
  [90m4 |[0m [36mimport[0m {
  [90m5 |[0m   [33mToast[0m,
  [90m6 |[0m   [33mToastClose[0m,
Next.js build worker exited with code: 1 
and signal: null
